src/service/agents.envoke.ts(63,7): error TS2322: Type '(state: StateType<StateSchemaFieldsToStateDefinition<{ personalInfo: ZodObject<{ name: ZodDefault<ZodString>; email: ZodDefault<ZodString>; phone: ZodDefault<ZodString>; location: ZodDefault<...>; linkedin: ZodDefault<...>; github: ZodDefault<...>; }, $strip>; ... 6 more ...; agentOutput: ZodObject<...>; }>>) => Pro...' is not assignable to type '(state: StateType<StateSchemaFieldsToStateDefinition<{ personalInfo: ZodObject<{ name: ZodDefault<ZodString>; email: ZodDefault<ZodString>; phone: ZodDefault<ZodString>; location: ZodDefault<...>; linkedin: ZodDefault<...>; github: ZodDefault<...>; }, $strip>; ... 6 more ...; agentOutput: ZodObject<...>; }>>, config...'.
  Type 'Promise<{ generatedContent: string; }>' is not assignable to type 'GraphNodeReturnValue<UpdateType<StateSchemaFieldsToStateDefinition<{ personalInfo: ZodObject<{ name: ZodDefault<ZodString>; email: ZodDefault<ZodString>; phone: ZodDefault<ZodString>; location: ZodDefault<...>; linkedin: ZodDefault<...>; github: ZodDefault<...>; }, $strip>; ... 6 more ...; agentOutput: ZodObject<......'.
    Type 'Promise<{ generatedContent: string; }>' is not assignable to type 'Promise<UpdateType<StateSchemaFieldsToStateDefinition<{ personalInfo: ZodObject<{ name: ZodDefault<ZodString>; email: ZodDefault<ZodString>; phone: ZodDefault<ZodString>; location: ZodDefault<...>; linkedin: ZodDefault<...>; github: ZodDefault<...>; }, $strip>; ... 6 more ...; agentOutput: ZodObject<...>; }>> | Comm...'.
      Type '{ generatedContent: string; }' is not assignable to type 'UpdateType<StateSchemaFieldsToStateDefinition<{ personalInfo: ZodObject<{ name: ZodDefault<ZodString>; email: ZodDefault<ZodString>; phone: ZodDefault<ZodString>; location: ZodDefault<...>; linkedin: ZodDefault<...>; github: ZodDefault<...>; }, $strip>; ... 6 more ...; agentOutput: ZodObject<...>; }>> | CommandInsta...'.
